   Compiling link-cli v0.1.0 (/tmp/gh-issue-solver-1778236390702/rust)
    Finished `test` profile [unoptimized + debuginfo] target(s) in 2.40s
     Running unittests src/lib.rs (rust/target/debug/deps/link_cli-9323afb9d21fdd89)

running 0 tests

test result: ok. 0 passed; 0 failed; 0 ignored; 0 measured; 0 filtered out; finished in 0.00s

     Running unittests src/main.rs (rust/target/debug/deps/clink-cf07fea0c11694c1)

running 0 tests

test result: ok. 0 passed; 0 failed; 0 ignored; 0 measured; 0 filtered out; finished in 0.00s

     Running tests/changes_simplifier_tests.rs (rust/target/debug/deps/changes_simplifier_tests-abbf9b5d23e87bd9)

running 0 tests

test result: ok. 0 passed; 0 failed; 0 ignored; 0 measured; 9 filtered out; finished in 0.00s

     Running tests/cli_arguments_tests.rs (rust/target/debug/deps/cli_arguments_tests-481b22c97862f8db)

running 0 tests

test result: ok. 0 passed; 0 failed; 0 ignored; 0 measured; 7 filtered out; finished in 0.00s

     Running tests/cli_export_tests.rs (rust/target/debug/deps/cli_export_tests-552e171031fecfbd)

running 0 tests

test result: ok. 0 passed; 0 failed; 0 ignored; 0 measured; 3 filtered out; finished in 0.00s

     Running tests/cli_named_types_tests.rs (rust/target/debug/deps/cli_named_types_tests-74c87c4fb351b6cc)

running 0 tests

test result: ok. 0 passed; 0 failed; 0 ignored; 0 measured; 1 filtered out; finished in 0.00s

     Running tests/dependency_basis_tests.rs (rust/target/debug/deps/dependency_basis_tests-8f93e990cc26397d)

running 0 tests

test result: ok. 0 passed; 0 failed; 0 ignored; 0 measured; 2 filtered out; finished in 0.00s

     Running tests/link_storage_tests.rs (rust/target/debug/deps/link_storage_tests-5aa4733c33d08624)

running 0 tests

test result: ok. 0 passed; 0 failed; 0 ignored; 0 measured; 14 filtered out; finished in 0.00s

     Running tests/link_tests.rs (rust/target/debug/deps/link_tests-19ff4900330e1bc1)

running 0 tests

test result: ok. 0 passed; 0 failed; 0 ignored; 0 measured; 5 filtered out; finished in 0.00s

     Running tests/lino_link_tests.rs (rust/target/debug/deps/lino_link_tests-ec164e8ba1fee537)

running 0 tests

test result: ok. 0 passed; 0 failed; 0 ignored; 0 measured; 5 filtered out; finished in 0.00s

     Running tests/named_types_decorator_tests.rs (rust/target/debug/deps/named_types_decorator_tests-90fd8dafba7d0daf)

running 0 tests

test result: ok. 0 passed; 0 failed; 0 ignored; 0 measured; 7 filtered out; finished in 0.00s

     Running tests/parser_tests.rs (rust/target/debug/deps/parser_tests-91df5872fa74d602)

running 0 tests

test result: ok. 0 passed; 0 failed; 0 ignored; 0 measured; 8 filtered out; finished in 0.00s

     Running tests/pinned_types_decorator_tests.rs (rust/target/debug/deps/pinned_types_decorator_tests-0a78bb3f82e88ce0)

running 0 tests

test result: ok. 0 passed; 0 failed; 0 ignored; 0 measured; 3 filtered out; finished in 0.00s

     Running tests/query_processor_csharp_parity_tests.rs (rust/target/debug/deps/query_processor_csharp_parity_tests-9717159ae32fca6d)

running 2 tests
test test_issue_20_substitute_matched_link_and_outgoing_link_matches_csharp ... ok
test test_issue_20_substitute_full_point_with_unbound_parts_matches_csharp ... ok

test result: ok. 2 passed; 0 failed; 0 ignored; 0 measured; 13 filtered out; finished in 0.00s

     Running tests/query_processor_tests.rs (rust/target/debug/deps/query_processor_tests-ff48d00e6ffbf85e)

running 0 tests

test result: ok. 0 passed; 0 failed; 0 ignored; 0 measured; 15 filtered out; finished in 0.00s

     Running tests/unicode_sequence_converter_tests.rs (rust/target/debug/deps/unicode_sequence_converter_tests-5f45c52f53189d44)

running 0 tests

test result: ok. 0 passed; 0 failed; 0 ignored; 0 measured; 5 filtered out; finished in 0.00s

     Running tests/unicode_string_storage_tests.rs (rust/target/debug/deps/unicode_string_storage_tests-e82abeb94f422eaa)

running 0 tests

test result: ok. 0 passed; 0 failed; 0 ignored; 0 measured; 11 filtered out; finished in 0.00s
