2026-05-08T11:11:55.6200826Z Current runner version: '2.334.0'
2026-05-08T11:11:55.6220973Z ##[group]Runner Image Provisioner
2026-05-08T11:11:55.6221635Z Hosted Compute Agent
2026-05-08T11:11:55.6222197Z Version: 20260213.493
2026-05-08T11:11:55.6222637Z Commit: 5c115507f6dd24b8de37d8bbe0bb4509d0cc0fa3
2026-05-08T11:11:55.6223191Z Build Date: 2026-02-13T00:28:41Z
2026-05-08T11:11:55.6223704Z Worker ID: {c17ad7e7-da2b-4c4a-b140-4b3f184c7698}
2026-05-08T11:11:55.6224270Z Azure Region: westcentralus
2026-05-08T11:11:55.6224929Z ##[endgroup]
2026-05-08T11:11:55.6226082Z ##[group]Operating System
2026-05-08T11:11:55.6226567Z Ubuntu
2026-05-08T11:11:55.6226914Z 24.04.4
2026-05-08T11:11:55.6227307Z LTS
2026-05-08T11:11:55.6227658Z ##[endgroup]
2026-05-08T11:11:55.6228051Z ##[group]Runner Image
2026-05-08T11:11:55.6228466Z Image: ubuntu-24.04
2026-05-08T11:11:55.6228928Z Version: 20260413.86.1
2026-05-08T11:11:55.6229854Z Included Software: https://github.com/actions/runner-images/blob/ubuntu24/20260413.86/images/ubuntu/Ubuntu2404-Readme.md
2026-05-08T11:11:55.6231017Z Image Release: https://github.com/actions/runner-images/releases/tag/ubuntu24%2F20260413.86
2026-05-08T11:11:55.6231711Z ##[endgroup]
2026-05-08T11:11:55.6233888Z ##[group]GITHUB_TOKEN Permissions
2026-05-08T11:11:55.6235760Z Actions: write
2026-05-08T11:11:55.6236192Z ArtifactMetadata: write
2026-05-08T11:11:55.6236696Z Attestations: write
2026-05-08T11:11:55.6237114Z Checks: write
2026-05-08T11:11:55.6237520Z Contents: write
2026-05-08T11:11:55.6237980Z Deployments: write
2026-05-08T11:11:55.6238353Z Discussions: write
2026-05-08T11:11:55.6238761Z Issues: write
2026-05-08T11:11:55.6239205Z Metadata: read
2026-05-08T11:11:55.6239569Z Models: read
2026-05-08T11:11:55.6239990Z Packages: write
2026-05-08T11:11:55.6240374Z Pages: write
2026-05-08T11:11:55.6240858Z PullRequests: write
2026-05-08T11:11:55.6241256Z RepositoryProjects: write
2026-05-08T11:11:55.6241736Z SecurityEvents: write
2026-05-08T11:11:55.6242178Z Statuses: write
2026-05-08T11:11:55.6242603Z VulnerabilityAlerts: read
2026-05-08T11:11:55.6243074Z ##[endgroup]
2026-05-08T11:11:55.6244957Z Secret source: Actions
2026-05-08T11:11:55.6245521Z Prepare workflow directory
2026-05-08T11:11:55.6578403Z Prepare all required actions
2026-05-08T11:11:55.6608934Z Getting action download info
2026-05-08T11:11:56.1580332Z Download action repository 'actions/checkout@v4' (SHA:34e114876b0b11c390a56381ad16ebd13914f8d5)
2026-05-08T11:11:56.2734595Z Download action repository 'dtolnay/rust-toolchain@stable' (SHA:29eef336d9b2848a0b548edc03f92a220660cdb8)
2026-05-08T11:11:56.5527081Z Download action repository 'actions/setup-node@v4' (SHA:49933ea5288caeca8642d1e84afbd3f7d6820020)
2026-05-08T11:11:56.7410329Z Download action repository 'actions/cache@v4' (SHA:0057852bfaa89a56745cba8c7296529d2fc39830)
2026-05-08T11:11:57.0099049Z Complete job name: Lint and Format Check
2026-05-08T11:11:57.0766943Z ##[group]Run actions/checkout@v4
2026-05-08T11:11:57.0767928Z with:
2026-05-08T11:11:57.0768540Z   repository: link-foundation/link-cli
2026-05-08T11:11:57.0770145Z   token: ***
2026-05-08T11:11:57.0770998Z   ssh-strict: true
2026-05-08T11:11:57.0771597Z   ssh-user: git
2026-05-08T11:11:57.0772200Z   persist-credentials: true
2026-05-08T11:11:57.0772876Z   clean: true
2026-05-08T11:11:57.0773492Z   sparse-checkout-cone-mode: true
2026-05-08T11:11:57.0774766Z   fetch-depth: 1
2026-05-08T11:11:57.0775622Z   fetch-tags: false
2026-05-08T11:11:57.0776507Z   show-progress: true
2026-05-08T11:11:57.0777412Z   lfs: false
2026-05-08T11:11:57.0778181Z   submodules: false
2026-05-08T11:11:57.0778815Z   set-safe-directory: true
2026-05-08T11:11:57.0779812Z env:
2026-05-08T11:11:57.0780358Z   CARGO_TERM_COLOR: always
2026-05-08T11:11:57.0781039Z   RUSTFLAGS: -Dwarnings
2026-05-08T11:11:57.0781681Z ##[endgroup]
2026-05-08T11:11:57.1729942Z Syncing repository: link-foundation/link-cli
2026-05-08T11:11:57.1732019Z ##[group]Getting Git version info
2026-05-08T11:11:57.1732963Z Working directory is '/home/runner/work/link-cli/link-cli'
2026-05-08T11:11:57.1734545Z [command]/usr/bin/git version
2026-05-08T11:11:57.2402090Z git version 2.53.0
2026-05-08T11:11:57.2421252Z ##[endgroup]
2026-05-08T11:11:57.2433682Z Temporarily overriding HOME='/home/runner/work/_temp/1abb11d8-e70b-4ee4-9540-ad1d390cba9f' before making global git config changes
2026-05-08T11:11:57.2435834Z Adding repository directory to the temporary git global config as a safe directory
2026-05-08T11:11:57.2438186Z [command]/usr/bin/git config --global --add safe.directory /home/runner/work/link-cli/link-cli
2026-05-08T11:11:57.2466182Z Deleting the contents of '/home/runner/work/link-cli/link-cli'
2026-05-08T11:11:57.2468961Z ##[group]Initializing the repository
2026-05-08T11:11:57.2472077Z [command]/usr/bin/git init /home/runner/work/link-cli/link-cli
2026-05-08T11:11:57.5179678Z hint: Using 'master' as the name for the initial branch. This default branch name
2026-05-08T11:11:57.5182882Z hint: will change to "main" in Git 3.0. To configure the initial branch name
2026-05-08T11:11:57.5185313Z hint: to use in all of your new repositories, which will suppress this warning,
2026-05-08T11:11:57.5187236Z hint: call:
2026-05-08T11:11:57.5188177Z hint:
2026-05-08T11:11:57.5189431Z hint: 	git config --global init.defaultBranch <name>
2026-05-08T11:11:57.5191080Z hint:
2026-05-08T11:11:57.5192345Z hint: Names commonly chosen instead of 'master' are 'main', 'trunk' and
2026-05-08T11:11:57.5195637Z hint: 'development'. The just-created branch can be renamed via this command:
2026-05-08T11:11:57.5196783Z hint:
2026-05-08T11:11:57.5197495Z hint: 	git branch -m <name>
2026-05-08T11:11:57.5198149Z hint:
2026-05-08T11:11:57.5199016Z hint: Disable this message with "git config set advice.defaultBranchName false"
2026-05-08T11:11:57.5200428Z Initialized empty Git repository in /home/runner/work/link-cli/link-cli/.git/
2026-05-08T11:11:57.5203053Z [command]/usr/bin/git remote add origin https://github.com/link-foundation/link-cli
2026-05-08T11:11:57.5221913Z ##[endgroup]
2026-05-08T11:11:57.5222929Z ##[group]Disabling automatic garbage collection
2026-05-08T11:11:57.5224746Z [command]/usr/bin/git config --local gc.auto 0
2026-05-08T11:11:57.5248301Z ##[endgroup]
2026-05-08T11:11:57.5249269Z ##[group]Setting up auth
2026-05-08T11:11:57.5253424Z [command]/usr/bin/git config --local --name-only --get-regexp core\.sshCommand
2026-05-08T11:11:57.5280438Z [command]/usr/bin/git submodule foreach --recursive sh -c "git config --local --name-only --get-regexp 'core\.sshCommand' && git config --local --unset-all 'core.sshCommand' || :"
2026-05-08T11:11:57.5517786Z [command]/usr/bin/git config --local --name-only --get-regexp http\.https\:\/\/github\.com\/\.extraheader
2026-05-08T11:11:57.5547426Z [command]/usr/bin/git submodule foreach --recursive sh -c "git config --local --name-only --get-regexp 'http\.https\:\/\/github\.com\/\.extraheader' && git config --local --unset-all 'http.https://github.com/.extraheader' || :"
2026-05-08T11:11:57.5726625Z [command]/usr/bin/git config --local --name-only --get-regexp ^includeIf\.gitdir:
2026-05-08T11:11:57.5752693Z [command]/usr/bin/git submodule foreach --recursive git config --local --show-origin --name-only --get-regexp remote.origin.url
2026-05-08T11:11:57.5940934Z [command]/usr/bin/git config --local http.https://github.com/.extraheader AUTHORIZATION: basic ***
2026-05-08T11:11:57.5973007Z ##[endgroup]
2026-05-08T11:11:57.5974306Z ##[group]Fetching the repository
2026-05-08T11:11:57.5982847Z [command]/usr/bin/git -c protocol.version=2 fetch --no-tags --prune --no-recurse-submodules --depth=1 origin +32a2ee84f8304fd061336275e28423afea952d5b:refs/remotes/pull/47/merge
2026-05-08T11:11:58.9407092Z From https://github.com/link-foundation/link-cli
2026-05-08T11:11:58.9408048Z  * [new ref]         32a2ee84f8304fd061336275e28423afea952d5b -> pull/47/merge
2026-05-08T11:11:58.9433223Z ##[endgroup]
2026-05-08T11:11:58.9433802Z ##[group]Determining the checkout info
2026-05-08T11:11:58.9435344Z ##[endgroup]
2026-05-08T11:11:58.9441163Z [command]/usr/bin/git sparse-checkout disable
2026-05-08T11:11:58.9475462Z [command]/usr/bin/git config --local --unset-all extensions.worktreeConfig
2026-05-08T11:11:58.9497907Z ##[group]Checking out the ref
2026-05-08T11:11:58.9501340Z [command]/usr/bin/git checkout --progress --force refs/remotes/pull/47/merge
2026-05-08T11:11:58.9765627Z Note: switching to 'refs/remotes/pull/47/merge'.
2026-05-08T11:11:58.9765989Z
2026-05-08T11:11:58.9827986Z You are in 'detached HEAD' state. You can look around, make experimental
2026-05-08T11:11:58.9828732Z changes and commit them, and you can discard any commits you make in this
2026-05-08T11:11:58.9829288Z state without impacting any branches by switching back to a branch.
2026-05-08T11:11:58.9829711Z
2026-05-08T11:11:58.9830012Z If you want to create a new branch to retain commits you create, you may
2026-05-08T11:11:58.9830660Z do so (now or later) by using -c with the switch command. Example:
2026-05-08T11:11:58.9830942Z
2026-05-08T11:11:58.9831077Z   git switch -c <new-branch-name>
2026-05-08T11:11:58.9831336Z
2026-05-08T11:11:58.9831448Z Or undo this operation with:
2026-05-08T11:11:58.9831640Z
2026-05-08T11:11:58.9831736Z   git switch -
2026-05-08T11:11:58.9831914Z
2026-05-08T11:11:58.9832146Z Turn off this advice by setting config variable advice.detachedHead to false
2026-05-08T11:11:58.9832483Z
2026-05-08T11:11:58.9832851Z HEAD is now at 32a2ee8 Merge 496bf759c20068b8f838b80a8b60aa951b30b527 into 0f54b1d61261f3c6f1f606ff3004fa7609ec17c7
2026-05-08T11:11:58.9836006Z ##[endgroup]
2026-05-08T11:11:58.9837007Z [command]/usr/bin/git log -1 --format=%H
2026-05-08T11:11:58.9837523Z 32a2ee84f8304fd061336275e28423afea952d5b
2026-05-08T11:11:59.0072929Z ##[group]Run dtolnay/rust-toolchain@stable
2026-05-08T11:11:59.0073166Z with:
2026-05-08T11:11:59.0073327Z   components: rustfmt, clippy
2026-05-08T11:11:59.0073514Z   toolchain: stable
2026-05-08T11:11:59.0073669Z env:
2026-05-08T11:11:59.0073809Z   CARGO_TERM_COLOR: always
2026-05-08T11:11:59.0073990Z   RUSTFLAGS: -Dwarnings
2026-05-08T11:11:59.0074184Z ##[endgroup]
2026-05-08T11:11:59.0169151Z ##[group]Run : parse toolchain version
2026-05-08T11:11:59.0169486Z [36;1m: parse toolchain version[0m
2026-05-08T11:11:59.0169714Z [36;1mif [[ -z $toolchain ]]; then[0m
2026-05-08T11:11:59.0170118Z [36;1m  # GitHub does not enforce `required: true` inputs itself. https://github.com/actions/runner/issues/1070[0m
2026-05-08T11:11:59.0170534Z [36;1m  echo "'toolchain' is a required input" >&2[0m
2026-05-08T11:11:59.0170745Z [36;1m  exit 1[0m
2026-05-08T11:11:59.0171003Z [36;1melif [[ $toolchain =~ ^stable' '[0-9]+' '(year|month|week|day)s?' 'ago$ ]]; then[0m
2026-05-08T11:11:59.0171363Z [36;1m  if [[ Linux == macOS ]]; then[0m
2026-05-08T11:11:59.0171774Z [36;1m    echo "toolchain=1.$((($(date -v-$(sed 's/stable \([0-9]*\) \(.\).*/\1\2/' <<< $toolchain) +%s)/60/60/24-16569)/7/6))" >> $GITHUB_OUTPUT[0m
2026-05-08T11:11:59.0172157Z [36;1m  else[0m
2026-05-08T11:11:59.0172460Z [36;1m    echo "toolchain=1.$((($(date --date "${toolchain#stable }" +%s)/60/60/24-16569)/7/6))" >> $GITHUB_OUTPUT[0m
2026-05-08T11:11:59.0172803Z [36;1m  fi[0m
2026-05-08T11:11:59.0173038Z [36;1melif [[ $toolchain =~ ^stable' 'minus' '[0-9]+' 'releases?$ ]]; then[0m
2026-05-08T11:11:59.0173418Z [36;1m  echo "toolchain=1.$((($(date +%s)/60/60/24-16569)/7/6-${toolchain//[^0-9]/}))" >> $GITHUB_OUTPUT[0m
2026-05-08T11:11:59.0173758Z [36;1melif [[ $toolchain =~ ^1\.[0-9]+$ ]]; then[0m
2026-05-08T11:11:59.0174137Z [36;1m  echo "toolchain=1.$((i=${toolchain#1.}, c=($(date +%s)/60/60/24-16569)/7/6, i+9*i*(10*i<=c)+90*i*(100*i<=c)))" >> $GITHUB_OUTPUT[0m
2026-05-08T11:11:59.0174624Z [36;1melse[0m
2026-05-08T11:11:59.0174816Z [36;1m  echo "toolchain=$toolchain" >> $GITHUB_OUTPUT[0m
2026-05-08T11:11:59.0175031Z [36;1mfi[0m
2026-05-08T11:11:59.0196637Z shell: /usr/bin/bash --noprofile --norc -e -o pipefail {0}
2026-05-08T11:11:59.0196908Z env:
2026-05-08T11:11:59.0197059Z   CARGO_TERM_COLOR: always
2026-05-08T11:11:59.0197247Z   RUSTFLAGS: -Dwarnings
2026-05-08T11:11:59.0197413Z   toolchain: stable
2026-05-08T11:11:59.0197743Z ##[endgroup]
2026-05-08T11:11:59.0309662Z ##[group]Run : construct rustup command line
2026-05-08T11:11:59.0309936Z [36;1m: construct rustup command line[0m
2026-05-08T11:11:59.0310279Z [36;1mecho "targets=$(for t in ${targets//,/ }; do echo -n ' --target' $t; done)" >> $GITHUB_OUTPUT[0m
2026-05-08T11:11:59.0310738Z [36;1mecho "components=$(for c in ${components//,/ }; do echo -n ' --component' $c; done)" >> $GITHUB_OUTPUT[0m
2026-05-08T11:11:59.0311085Z [36;1mecho "downgrade=" >> $GITHUB_OUTPUT[0m
2026-05-08T11:11:59.0327928Z shell: /usr/bin/bash --noprofile --norc -e -o pipefail {0}
2026-05-08T11:11:59.0328189Z env:
2026-05-08T11:11:59.0328334Z   CARGO_TERM_COLOR: always
2026-05-08T11:11:59.0328517Z   RUSTFLAGS: -Dwarnings
2026-05-08T11:11:59.0328699Z   targets:
2026-05-08T11:11:59.0328892Z   components: rustfmt, clippy
2026-05-08T11:11:59.0329078Z ##[endgroup]
2026-05-08T11:11:59.0395161Z ##[group]Run : set $CARGO_HOME
2026-05-08T11:11:59.0395378Z [36;1m: set $CARGO_HOME[0m
2026-05-08T11:11:59.0395640Z [36;1mecho CARGO_HOME=${CARGO_HOME:-"$HOME/.cargo"} >> $GITHUB_ENV[0m
2026-05-08T11:11:59.0411998Z shell: /usr/bin/bash --noprofile --norc -e -o pipefail {0}
2026-05-08T11:11:59.0412253Z env:
2026-05-08T11:11:59.0412403Z   CARGO_TERM_COLOR: always
2026-05-08T11:11:59.0412585Z   RUSTFLAGS: -Dwarnings
2026-05-08T11:11:59.0412752Z ##[endgroup]
2026-05-08T11:11:59.0474637Z ##[group]Run : install rustup if needed
2026-05-08T11:11:59.0474887Z [36;1m: install rustup if needed[0m
2026-05-08T11:11:59.0475118Z [36;1mif ! command -v rustup &>/dev/null; then[0m
2026-05-08T11:11:59.0475890Z [36;1m  curl --proto '=https' --tlsv1.2 --retry 10 --retry-connrefused --location --silent --show-error --fail https://sh.rustup.rs | sh -s -- --default-toolchain none -y[0m
2026-05-08T11:11:59.0476449Z [36;1m  echo "$CARGO_HOME/bin" >> $GITHUB_PATH[0m
2026-05-08T11:11:59.0476663Z [36;1mfi[0m
2026-05-08T11:11:59.0492897Z shell: /usr/bin/bash --noprofile --norc -e -o pipefail {0}
2026-05-08T11:11:59.0493154Z env:
2026-05-08T11:11:59.0493310Z   CARGO_TERM_COLOR: always
2026-05-08T11:11:59.0493496Z   RUSTFLAGS: -Dwarnings
2026-05-08T11:11:59.0493671Z   CARGO_HOME: /home/runner/.cargo
2026-05-08T11:11:59.0493862Z ##[endgroup]
2026-05-08T11:11:59.0556817Z ##[group]Run rustup toolchain install stable --component rustfmt --component clippy --profile minimal --no-self-update
2026-05-08T11:11:59.0557417Z [36;1mrustup toolchain install stable --component rustfmt --component clippy --profile minimal --no-self-update[0m
2026-05-08T11:11:59.0574027Z shell: /usr/bin/bash --noprofile --norc -e -o pipefail {0}
2026-05-08T11:11:59.0574279Z env:
2026-05-08T11:11:59.0574622Z   CARGO_TERM_COLOR: always
2026-05-08T11:11:59.0574804Z   RUSTFLAGS: -Dwarnings
2026-05-08T11:11:59.0574984Z   CARGO_HOME: /home/runner/.cargo
2026-05-08T11:11:59.0575187Z   RUSTUP_PERMIT_COPY_RENAME: 1
2026-05-08T11:11:59.0575367Z ##[endgroup]
2026-05-08T11:11:59.8642523Z info: syncing channel updates for stable-x86_64-unknown-linux-gnu
2026-05-08T11:12:00.2290581Z info: latest update on 2026-04-16 for version 1.95.0 (59807616e 2026-04-14)
2026-05-08T11:12:00.3007043Z info: removing previous version of component clippy
2026-05-08T11:12:00.4953861Z info: removing previous version of component rustfmt
2026-05-08T11:12:00.5133925Z info: removing previous version of component cargo
2026-05-08T11:12:00.5239216Z info: removing previous version of component rust-std
2026-05-08T11:12:00.5590047Z info: removing previous version of component rustc
2026-05-08T11:12:00.5631349Z info: downloading 5 components
2026-05-08T11:12:09.1643889Z
2026-05-08T11:12:09.1712550Z   stable-x86_64-unknown-linux-gnu updated - rustc 1.95.0 (59807616e 2026-04-14) (from rustc 1.94.1 (e408947bf 2026-03-25))
2026-05-08T11:12:09.1712931Z
2026-05-08T11:12:09.1787969Z ##[group]Run rustup default stable
2026-05-08T11:12:09.1788200Z [36;1mrustup default stable[0m
2026-05-08T11:12:09.1807075Z shell: /usr/bin/bash --noprofile --norc -e -o pipefail {0}
2026-05-08T11:12:09.1807327Z env:
2026-05-08T11:12:09.1807622Z   CARGO_TERM_COLOR: always
2026-05-08T11:12:09.1807804Z   RUSTFLAGS: -Dwarnings
2026-05-08T11:12:09.1807976Z   CARGO_HOME: /home/runner/.cargo
2026-05-08T11:12:09.1808166Z ##[endgroup]
2026-05-08T11:12:09.1887920Z info: using existing install for stable-x86_64-unknown-linux-gnu
2026-05-08T11:12:09.1896589Z info: default toolchain set to stable-x86_64-unknown-linux-gnu
2026-05-08T11:12:09.1896905Z
2026-05-08T11:12:09.1955271Z   stable-x86_64-unknown-linux-gnu unchanged - rustc 1.95.0 (59807616e 2026-04-14)
2026-05-08T11:12:09.1955663Z
2026-05-08T11:12:09.1983461Z ##[group]Run : create cachekey
2026-05-08T11:12:09.1983676Z [36;1m: create cachekey[0m
2026-05-08T11:12:09.1984057Z [36;1mDATE=$(rustc +stable --version --verbose | sed -ne 's/^commit-date: \(20[0-9][0-9]\)-\([01][0-9]\)-\([0-3][0-9]\)$/\1\2\3/p')[0m
2026-05-08T11:12:09.1984846Z [36;1mHASH=$(rustc +stable --version --verbose | sed -ne 's/^commit-hash: //p')[0m
2026-05-08T11:12:09.1985205Z [36;1mecho "cachekey=$(echo $DATE$HASH | head -c12)" >> $GITHUB_OUTPUT[0m
2026-05-08T11:12:09.2001902Z shell: /usr/bin/bash --noprofile --norc -e -o pipefail {0}
2026-05-08T11:12:09.2002150Z env:
2026-05-08T11:12:09.2002293Z   CARGO_TERM_COLOR: always
2026-05-08T11:12:09.2002478Z   RUSTFLAGS: -Dwarnings
2026-05-08T11:12:09.2002647Z   CARGO_HOME: /home/runner/.cargo
2026-05-08T11:12:09.2002837Z ##[endgroup]
2026-05-08T11:12:09.2305350Z ##[group]Run : disable incremental compilation
2026-05-08T11:12:09.2305636Z [36;1m: disable incremental compilation[0m
2026-05-08T11:12:09.2306020Z [36;1mif [ -z "${CARGO_INCREMENTAL+set}" ]; then[0m
2026-05-08T11:12:09.2306275Z [36;1m  echo CARGO_INCREMENTAL=0 >> $GITHUB_ENV[0m
2026-05-08T11:12:09.2306487Z [36;1mfi[0m
2026-05-08T11:12:09.2323879Z shell: /usr/bin/bash --noprofile --norc -e -o pipefail {0}
2026-05-08T11:12:09.2324119Z env:
2026-05-08T11:12:09.2324265Z   CARGO_TERM_COLOR: always
2026-05-08T11:12:09.2324652Z   RUSTFLAGS: -Dwarnings
2026-05-08T11:12:09.2324837Z   CARGO_HOME: /home/runner/.cargo
2026-05-08T11:12:09.2325040Z ##[endgroup]
2026-05-08T11:12:09.2374128Z ##[group]Run : enable colors in Cargo output
2026-05-08T11:12:09.2374609Z [36;1m: enable colors in Cargo output[0m
2026-05-08T11:12:09.2374854Z [36;1mif [ -z "${CARGO_TERM_COLOR+set}" ]; then[0m
2026-05-08T11:12:09.2375108Z [36;1m  echo CARGO_TERM_COLOR=always >> $GITHUB_ENV[0m
2026-05-08T11:12:09.2375329Z [36;1mfi[0m
2026-05-08T11:12:09.2390654Z shell: /usr/bin/bash --noprofile --norc -e -o pipefail {0}
2026-05-08T11:12:09.2390894Z env:
2026-05-08T11:12:09.2391047Z   CARGO_TERM_COLOR: always
2026-05-08T11:12:09.2391233Z   RUSTFLAGS: -Dwarnings
2026-05-08T11:12:09.2391411Z   CARGO_HOME: /home/runner/.cargo
2026-05-08T11:12:09.2391596Z   CARGO_INCREMENTAL: 0
2026-05-08T11:12:09.2391760Z ##[endgroup]
2026-05-08T11:12:09.2442254Z ##[group]Run : enable Cargo sparse registry
2026-05-08T11:12:09.2442508Z [36;1m: enable Cargo sparse registry[0m
2026-05-08T11:12:09.2442790Z [36;1m# implemented in 1.66, stabilized in 1.68, made default in 1.70[0m
2026-05-08T11:12:09.2443329Z [36;1mif [ -z "${CARGO_REGISTRIES_CRATES_IO_PROTOCOL+set}" -o -f "/home/runner/work/_temp"/.implicit_cargo_registries_crates_io_protocol ]; then[0m
2026-05-08T11:12:09.2443877Z [36;1m  if rustc +stable --version --verbose | grep -q '^release: 1\.6[89]\.'; then[0m
2026-05-08T11:12:09.2444299Z [36;1m    touch "/home/runner/work/_temp"/.implicit_cargo_registries_crates_io_protocol || true[0m
2026-05-08T11:12:09.2444912Z [36;1m    echo CARGO_REGISTRIES_CRATES_IO_PROTOCOL=sparse >> $GITHUB_ENV[0m
2026-05-08T11:12:09.2445303Z [36;1m  elif rustc +stable --version --verbose | grep -q '^release: 1\.6[67]\.'; then[0m
2026-05-08T11:12:09.2445732Z [36;1m    touch "/home/runner/work/_temp"/.implicit_cargo_registries_crates_io_protocol || true[0m
2026-05-08T11:12:09.2446122Z [36;1m    echo CARGO_REGISTRIES_CRATES_IO_PROTOCOL=git >> $GITHUB_ENV[0m
2026-05-08T11:12:09.2446385Z [36;1m  fi[0m
2026-05-08T11:12:09.2446534Z [36;1mfi[0m
2026-05-08T11:12:09.2462224Z shell: /usr/bin/bash --noprofile --norc -e -o pipefail {0}
2026-05-08T11:12:09.2462611Z env:
2026-05-08T11:12:09.2462756Z   CARGO_TERM_COLOR: always
2026-05-08T11:12:09.2462955Z   RUSTFLAGS: -Dwarnings
2026-05-08T11:12:09.2463139Z   CARGO_HOME: /home/runner/.cargo
2026-05-08T11:12:09.2463335Z   CARGO_INCREMENTAL: 0
2026-05-08T11:12:09.2463502Z ##[endgroup]
2026-05-08T11:12:09.2731078Z ##[group]Run : work around spurious network errors in curl 8.0
2026-05-08T11:12:09.2731427Z [36;1m: work around spurious network errors in curl 8.0[0m
2026-05-08T11:12:09.2731861Z [36;1m# https://rust-lang.zulipchat.com/#narrow/stream/246057-t-cargo/topic/timeout.20investigation[0m
2026-05-08T11:12:09.2732316Z [36;1mif rustc +stable --version --verbose | grep -q '^release: 1\.7[01]\.'; then[0m
2026-05-08T11:12:09.2732686Z [36;1m  echo CARGO_HTTP_MULTIPLEXING=false >> $GITHUB_ENV[0m
2026-05-08T11:12:09.2732930Z [36;1mfi[0m
2026-05-08T11:12:09.2750615Z shell: /usr/bin/bash --noprofile --norc -e -o pipefail {0}
2026-05-08T11:12:09.2750891Z env:
2026-05-08T11:12:09.2751039Z   CARGO_TERM_COLOR: always
2026-05-08T11:12:09.2751224Z   RUSTFLAGS: -Dwarnings
2026-05-08T11:12:09.2751410Z   CARGO_HOME: /home/runner/.cargo
2026-05-08T11:12:09.2751597Z   CARGO_INCREMENTAL: 0
2026-05-08T11:12:09.2751761Z ##[endgroup]
2026-05-08T11:12:09.2907798Z ##[group]Run rustc +stable --version --verbose
2026-05-08T11:12:09.2908053Z [36;1mrustc +stable --version --verbose[0m
2026-05-08T11:12:09.2924611Z shell: /usr/bin/bash --noprofile --norc -e -o pipefail {0}
2026-05-08T11:12:09.2924867Z env:
2026-05-08T11:12:09.2925171Z   CARGO_TERM_COLOR: always
2026-05-08T11:12:09.2925358Z   RUSTFLAGS: -Dwarnings
2026-05-08T11:12:09.2925529Z   CARGO_HOME: /home/runner/.cargo
2026-05-08T11:12:09.2925723Z   CARGO_INCREMENTAL: 0
2026-05-08T11:12:09.2925880Z ##[endgroup]
2026-05-08T11:12:09.3056354Z rustc 1.95.0 (59807616e 2026-04-14)
2026-05-08T11:12:09.3056755Z binary: rustc
2026-05-08T11:12:09.3057013Z commit-hash: 59807616e1fa2540724bfbac14d7976d7e4a3860
2026-05-08T11:12:09.3057285Z commit-date: 2026-04-14
2026-05-08T11:12:09.3057468Z host: x86_64-unknown-linux-gnu
2026-05-08T11:12:09.3057771Z release: 1.95.0
2026-05-08T11:12:09.3058004Z LLVM version: 22.1.2
2026-05-08T11:12:09.3140832Z ##[group]Run actions/setup-node@v4
2026-05-08T11:12:09.3141044Z with:
2026-05-08T11:12:09.3141193Z   node-version: 20.x
2026-05-08T11:12:09.3141363Z   always-auth: false
2026-05-08T11:12:09.3141514Z   check-latest: false
2026-05-08T11:12:09.3141766Z   token: ***
2026-05-08T11:12:09.3141915Z env:
2026-05-08T11:12:09.3142056Z   CARGO_TERM_COLOR: always
2026-05-08T11:12:09.3142238Z   RUSTFLAGS: -Dwarnings
2026-05-08T11:12:09.3142410Z   CARGO_HOME: /home/runner/.cargo
2026-05-08T11:12:09.3142599Z   CARGO_INCREMENTAL: 0
2026-05-08T11:12:09.3142753Z ##[endgroup]
2026-05-08T11:12:09.5220329Z Found in cache @ /opt/hostedtoolcache/node/20.20.2/x64
2026-05-08T11:12:09.5226222Z ##[group]Environment details
2026-05-08T11:12:10.4692530Z node: v20.20.2
2026-05-08T11:12:10.4692824Z npm: 10.8.2
2026-05-08T11:12:10.4693081Z yarn: 1.22.22
2026-05-08T11:12:10.4693692Z ##[endgroup]
2026-05-08T11:12:10.5236282Z ##[group]Run actions/cache@v4
2026-05-08T11:12:10.5236474Z with:
2026-05-08T11:12:10.5236657Z   path: ~/.cargo/registry
~/.cargo/git
rust/target

2026-05-08T11:12:10.5237007Z   key: Linux-cargo-b27a9fdb7d5718512c11676ea7a4eff15e52331fb6dfc142747801a1c6933ec4
2026-05-08T11:12:10.5237337Z   restore-keys: Linux-cargo-

2026-05-08T11:12:10.5237525Z   enableCrossOsArchive: false
2026-05-08T11:12:10.5237708Z   fail-on-cache-miss: false
2026-05-08T11:12:10.5237884Z   lookup-only: false
2026-05-08T11:12:10.5238038Z   save-always: false
2026-05-08T11:12:10.5238186Z env:
2026-05-08T11:12:10.5238323Z   CARGO_TERM_COLOR: always
2026-05-08T11:12:10.5238500Z   RUSTFLAGS: -Dwarnings
2026-05-08T11:12:10.5238668Z   CARGO_HOME: /home/runner/.cargo
2026-05-08T11:12:10.5238854Z   CARGO_INCREMENTAL: 0
2026-05-08T11:12:10.5239009Z ##[endgroup]
2026-05-08T11:12:10.9559659Z Cache hit for: Linux-cargo-b27a9fdb7d5718512c11676ea7a4eff15e52331fb6dfc142747801a1c6933ec4
2026-05-08T11:12:12.1835383Z Received 37748736 of 84842796 (44.5%), 36.0 MBs/sec
2026-05-08T11:12:12.5628127Z Received 84842796 of 84842796 (100.0%), 58.7 MBs/sec
2026-05-08T11:12:12.5629329Z Cache Size: ~81 MB (84842796 B)
2026-05-08T11:12:12.5677140Z [command]/usr/bin/tar -xf /home/runner/work/_temp/4b73b933-9488-49d9-8d7e-ae13db5cac78/cache.tzst -P -C /home/runner/work/link-cli/link-cli --use-compress-program unzstd
2026-05-08T11:12:13.0518413Z Cache restored successfully
2026-05-08T11:12:13.0615939Z Cache restored from key: Linux-cargo-b27a9fdb7d5718512c11676ea7a4eff15e52331fb6dfc142747801a1c6933ec4
2026-05-08T11:12:13.0709533Z ##[group]Run cargo fmt --all -- --check
2026-05-08T11:12:13.0710095Z [36;1mcargo fmt --all -- --check[0m
2026-05-08T11:12:13.0735106Z shell: /usr/bin/bash -e {0}
2026-05-08T11:12:13.0735514Z env:
2026-05-08T11:12:13.0735914Z   CARGO_TERM_COLOR: always
2026-05-08T11:12:13.0736221Z   RUSTFLAGS: -Dwarnings
2026-05-08T11:12:13.0736515Z   CARGO_HOME: /home/runner/.cargo
2026-05-08T11:12:13.0736848Z   CARGO_INCREMENTAL: 0
2026-05-08T11:12:13.0737146Z ##[endgroup]
2026-05-08T11:12:13.1582348Z ##[group]Run cargo clippy --all-targets --all-features
2026-05-08T11:12:13.1582664Z [36;1mcargo clippy --all-targets --all-features[0m
2026-05-08T11:12:13.1600606Z shell: /usr/bin/bash -e {0}
2026-05-08T11:12:13.1600797Z env:
2026-05-08T11:12:13.1600950Z   CARGO_TERM_COLOR: always
2026-05-08T11:12:13.1601134Z   RUSTFLAGS: -Dwarnings
2026-05-08T11:12:13.1601314Z   CARGO_HOME: /home/runner/.cargo
2026-05-08T11:12:13.1601509Z   CARGO_INCREMENTAL: 0
2026-05-08T11:12:13.1601676Z ##[endgroup]
2026-05-08T11:12:13.4237346Z [1m[92m    Checking[0m link-cli v0.1.0 (/home/runner/work/link-cli/link-cli/rust)
2026-05-08T11:12:14.0554739Z [1m[92m    Finished[0m `dev` profile [unoptimized + debuginfo] target(s) in 0.86s
2026-05-08T11:12:14.0656537Z ##[group]Run node scripts/check-file-size.mjs --lang rust
2026-05-08T11:12:14.0657055Z [36;1mnode scripts/check-file-size.mjs --lang rust[0m
2026-05-08T11:12:14.0675377Z shell: /usr/bin/bash -e {0}
2026-05-08T11:12:14.0675572Z env:
2026-05-08T11:12:14.0675727Z   CARGO_TERM_COLOR: always
2026-05-08T11:12:14.0675907Z   RUSTFLAGS: -Dwarnings
2026-05-08T11:12:14.0676089Z   CARGO_HOME: /home/runner/.cargo
2026-05-08T11:12:14.0676286Z   CARGO_INCREMENTAL: 0
2026-05-08T11:12:14.0676447Z ##[endgroup]
2026-05-08T11:12:14.1003506Z
2026-05-08T11:12:14.1004009Z Checking files for maximum 1000 lines...
2026-05-08T11:12:14.1004312Z
2026-05-08T11:12:14.1007282Z Checking Rust files in rust/...
2026-05-08T11:12:14.1039217Z   Found 45 Rust file(s)
2026-05-08T11:12:14.1039434Z
2026-05-08T11:12:14.1039646Z Found files exceeding the line limit:
2026-05-08T11:12:14.1039890Z
2026-05-08T11:12:14.1040136Z   rust/src/query_processor.rs: 1092 lines (exceeds 1000)
2026-05-08T11:12:14.1040437Z
2026-05-08T11:12:14.1040726Z Please refactor these files to be under 1000 lines
2026-05-08T11:12:14.1040983Z
2026-05-08T11:12:14.1082848Z ##[error]Process completed with exit code 1.
2026-05-08T11:12:14.1150707Z Post job cleanup.
2026-05-08T11:12:14.1902580Z [command]/usr/bin/git version
2026-05-08T11:12:14.1936884Z git version 2.53.0
2026-05-08T11:12:14.1967842Z Temporarily overriding HOME='/home/runner/work/_temp/5bb7dc57-2e9f-430c-9dc2-d8bd86d29e5d' before making global git config changes
2026-05-08T11:12:14.1968603Z Adding repository directory to the temporary git global config as a safe directory
2026-05-08T11:12:14.1971750Z [command]/usr/bin/git config --global --add safe.directory /home/runner/work/link-cli/link-cli
2026-05-08T11:12:14.1999191Z [command]/usr/bin/git config --local --name-only --get-regexp core\.sshCommand
2026-05-08T11:12:14.2024167Z [command]/usr/bin/git submodule foreach --recursive sh -c "git config --local --name-only --get-regexp 'core\.sshCommand' && git config --local --unset-all 'core.sshCommand' || :"
2026-05-08T11:12:14.2206339Z [command]/usr/bin/git config --local --name-only --get-regexp http\.https\:\/\/github\.com\/\.extraheader
2026-05-08T11:12:14.2222759Z http.https://github.com/.extraheader
2026-05-08T11:12:14.2231878Z [command]/usr/bin/git config --local --unset-all http.https://github.com/.extraheader
2026-05-08T11:12:14.2255781Z [command]/usr/bin/git submodule foreach --recursive sh -c "git config --local --name-only --get-regexp 'http\.https\:\/\/github\.com\/\.extraheader' && git config --local --unset-all 'http.https://github.com/.extraheader' || :"
2026-05-08T11:12:14.2432428Z [command]/usr/bin/git config --local --name-only --get-regexp ^includeIf\.gitdir:
2026-05-08T11:12:14.2456516Z [command]/usr/bin/git submodule foreach --recursive git config --local --show-origin --name-only --get-regexp remote.origin.url
2026-05-08T11:12:14.2727451Z Cleaning up orphan processes
2026-05-08T11:12:14.2947312Z ##[warning]Node.js 20 actions are deprecated. The following actions are running on Node.js 20 and may not work as expected: actions/cache@v4, actions/checkout@v4, actions/setup-node@v4. Actions will be forced to run with Node.js 24 by default starting June 2nd, 2026. Node.js 20 will be removed from the runner on September 16th, 2026. Please check if updated versions of these actions are available that support Node.js 24. To opt into Node.js 24 now, set the FORCE_JAVASCRIPT_ACTIONS_TO_NODE24=true environment variable on the runner or in your workflow file. Once Node.js 24 becomes the default, you can temporarily opt out by setting ACTIONS_ALLOW_USE_UNSECURE_NODE_VERSION=true. For more information see: https://github.blog/changelog/2025-09-19-deprecation-of-node-20-on-github-actions-runners/
