   Compiling unicode-ident v1.0.24
    Checking cfg-if v1.0.4
    Checking once_cell v1.21.4
    Checking libm v0.2.16
    Checking libc v0.2.186
    Checking utf8parse v0.2.2
   Compiling proc-macro2 v1.0.106
   Compiling wasm-bindgen-shared v0.2.120
    Checking anstyle-parse v1.0.0
    Checking serde_core v1.0.228
    Checking bitflags v2.11.1
    Checking colorchoice v1.0.5
    Checking pin-project-lite v0.2.17
    Checking slab v0.4.12
    Checking futures-task v0.3.32
   Compiling quote v1.0.45
    Checking is_terminal_polyfill v1.70.2
    Checking anstyle v1.0.14
   Compiling syn v2.0.117
    Checking linux-raw-sys v0.12.1
    Checking memchr v2.8.0
    Checking anstyle-query v1.1.5
    Checking futures-core v0.3.32
    Checking num-traits v0.2.19
    Checking futures-util v0.3.32
    Checking rustix v1.1.4
    Checking anstream v1.0.0
    Checking getrandom v0.4.2
    Checking platform-num v0.8.0
    Checking strsim v0.11.1
    Checking clap_lex v1.1.0
    Checking fastrand v2.4.1
    Checking clap_builder v4.6.0
    Checking dtor v0.0.6
    Checking memmap2 v0.9.10
    Checking allocator-api2 v0.4.0
    Checking beef v0.5.2
    Checking ctor v0.4.3
    Checking zmij v1.0.21
    Checking platform-trees v0.3.4
    Checking nom v8.0.0
    Checking tap v1.0.1
    Checking dotenvy v0.15.7
    Checking itoa v1.0.18
    Checking lino-env v0.1.0
    Checking tempfile v3.27.0
    Checking leak_slice v0.2.0
    Checking serde_json v1.0.149
    Checking anyhow v1.0.102
    Checking cast v0.3.0
    Checking oorandom v11.1.5
    Checking nu-ansi-term v0.50.3
    Checking wasm-bindgen-test-shared v0.2.120
   Compiling wasm-bindgen-macro-support v0.2.120
   Compiling thiserror-impl v2.0.18
   Compiling serde_derive v1.0.228
   Compiling clap_derive v4.6.1
   Compiling thiserror-impl v1.0.69
    Checking links-notation v0.13.0
   Compiling wasm-bindgen-test-macro v0.3.70
   Compiling async-trait v0.1.89
    Checking thiserror v1.0.69
    Checking thiserror v2.0.18
    Checking platform-data v2.0.0
    Checking platform-mem v0.3.0
    Checking doublets v0.3.0
    Checking clap v4.6.1
   Compiling wasm-bindgen-macro v0.2.120
    Checking wasm-bindgen v0.2.120
    Checking serde v1.0.228
    Checking lino-arguments v0.3.0
    Checking link-cli v0.1.0 (/tmp/gh-issue-solver-1778304097454/rust)
    Checking js-sys v0.3.97
    Checking console_error_panic_hook v0.1.7
    Checking wasm-bindgen-futures v0.4.70
    Checking web-sys v0.3.97
    Checking wasm-bindgen-test v0.3.70
    Checking clink-wasm v2.3.0 (/tmp/gh-issue-solver-1778304097454)
    Finished `dev` profile [unoptimized + debuginfo] target(s) in 12.01s
