    Updating crates.io index
 Downloading crates ...
  Downloaded wasm-pack v0.14.0
  Installing wasm-pack v0.14.0
    Updating crates.io index
    Updating crates.io index
 Downloading crates ...
  Downloaded bitflags v2.10.0
  Downloaded binary-install v0.4.1
  Downloaded hex v0.4.3
  Downloaded fastrand v2.3.0
  Downloaded filetime v0.2.27
  Downloaded siphasher v0.3.11
  Downloaded pkg-config v0.3.32
  Downloaded clap_lex v0.7.7
  Downloaded pbkdf2 v0.12.2
  Downloaded is_executable v0.1.2
  Downloaded percent-encoding v2.3.2
  Downloaded human-panic v2.0.6
  Downloaded clap v4.5.54
  Downloaded subtle v2.6.1
  Downloaded siphasher v1.0.1
  Downloaded idna_adapter v1.2.1
  Downloaded proc-macro2 v1.0.105
  Downloaded powerfmt v0.2.0
  Downloaded serde_spanned v1.0.4
  Downloaded dirs-sys-next v0.1.2
  Downloaded which v8.0.0
  Downloaded dialoguer v0.12.0
  Downloaded webpki-roots v0.26.11
  Downloaded form_urlencoded v1.2.2
  Downloaded displaydoc v0.2.5
  Downloaded tinystr v0.8.2
  Downloaded simd-adler32 v0.3.8
  Downloaded utf8_iter v1.0.4
  Downloaded parking_lot v0.12.5
  Downloaded lock_api v0.4.14
  Downloaded xattr v1.6.1
  Downloaded litemap v0.8.1
  Downloaded tar v0.4.44
  Downloaded tempfile v3.24.0
  Downloaded untrusted v0.9.0
  Downloaded zerofrom v0.1.6
  Downloaded toml v0.9.11+spec-1.1.0
  Downloaded zeroize_derive v1.4.3
  Downloaded icu_normalizer_data v2.1.1
  Downloaded icu_normalizer v2.1.1
  Downloaded zerofrom-derive v0.1.6
  Downloaded typenum v1.19.0
  Downloaded rustls-webpki v0.103.9
  Downloaded yoke-derive v0.8.1
  Downloaded icu_properties_data v2.1.2
  Downloaded zeroize v1.8.2
  Downloaded zstd v0.13.3
  Downloaded zstd-safe v7.2.4
  Downloaded zerovec-derive v0.11.2
  Downloaded url v2.5.8
  Downloaded xz2 v0.1.7
  Downloaded yoke v0.8.1
  Downloaded idna v1.1.0
  Downloaded writeable v0.6.2
  Downloaded sysinfo v0.37.2
  Downloaded zopfli v0.8.3
  Downloaded uuid v1.19.0
  Downloaded gimli v0.32.3
  Downloaded syn v2.0.114
  Downloaded zerotrie v0.2.3
  Downloaded zip v2.4.2
  Downloaded ureq v2.12.1
  Downloaded rustls v0.23.36
  Downloaded object v0.37.3
  Downloaded zerovec v0.11.5
  Downloaded rustix v1.1.3
  Downloaded time v0.3.45
  Downloaded rustix v0.38.44
  Downloaded clap_builder v4.5.54
  Downloaded webpki-roots v1.0.5
  Downloaded icu_collections v2.1.1
  Downloaded flate2 v1.1.8
  Downloaded cc v1.2.53
  Downloaded icu_locale_core v2.1.1
  Downloaded icu_provider v2.1.1
  Downloaded crc32fast v1.5.0
  Downloaded bzip2-sys v0.1.13+1.0.8
  Downloaded toml_writer v1.0.6+spec-1.1.0
  Downloaded smallvec v1.15.1
  Downloaded rustls-pki-types v1.14.0
  Downloaded fs4 v0.6.6
  Downloaded cargo_metadata v0.23.1
  Downloaded synstructure v0.13.2
  Downloaded lzma-sys v0.1.20
  Downloaded semver v1.0.27
  Downloaded rustc-demangle v0.1.27
  Downloaded parking_lot_core v0.9.12
  Downloaded icu_properties v2.1.2
  Downloaded getrandom v0.3.4
  Downloaded env_logger v0.11.8
  Downloaded console v0.16.2
  Downloaded time-core v0.1.7
  Downloaded potential_utf v0.1.4
  Downloaded num-conv v0.1.0
  Downloaded zstd-sys v2.0.16+zstd.1.5.7
  Downloaded miniz_oxide v0.8.9
  Downloaded bzip2 v0.5.2
  Downloaded inout v0.1.4
  Downloaded hmac v0.12.1
  Downloaded find-msvc-tools v0.1.8
  Downloaded env_filter v0.1.4
  Downloaded constant_time_eq v0.3.1
  Downloaded colorchoice v1.0.4
  Downloaded stable_deref_trait v1.2.1
  Downloaded socks v0.3.4
  Downloaded serde_ignored v0.1.14
  Downloaded scopeguard v1.2.0
  Downloaded quote v1.0.43
  Downloaded jobserver v0.1.34
  Downloaded env_home v0.1.0
  Downloaded crc-catalog v2.4.0
  Downloaded deflate64 v0.1.10
  Downloaded cargo-platform v0.3.2
  Downloaded clap_derive v4.5.49
  Downloaded cipher v0.4.4
  Downloaded path-clean v1.0.1
  Downloaded lzma-rs v0.3.0
  Downloaded glob v0.3.3
  Downloaded crc v3.4.0
  Downloaded dirs-next v2.0.0
  Downloaded backtrace v0.3.76
  Downloaded aes v0.8.4
  Downloaded ring v0.17.14
  Downloaded deranged v0.5.5
  Downloaded camino v1.2.2
  Downloaded byteorder v1.5.0
  Downloaded base64 v0.22.1
  Downloaded anyhow v1.0.100
  Downloaded anstyle v1.0.13
  Downloaded adler2 v2.0.1
  Downloaded addr2line v0.25.1
  Downloaded linux-raw-sys v0.4.15
  Downloaded linux-raw-sys v0.11.0
   Compiling libc v0.2.180
   Compiling proc-macro2 v1.0.105
   Compiling unicode-ident v1.0.22
   Compiling quote v1.0.43
   Compiling find-msvc-tools v0.1.8
   Compiling shlex v1.3.0
   Compiling cfg-if v1.0.4
   Compiling pkg-config v0.3.32
   Compiling stable_deref_trait v1.2.1
   Compiling serde_core v1.0.228
   Compiling version_check v0.9.5
   Compiling typenum v1.19.0
   Compiling generic-array v0.14.7
   Compiling memchr v2.7.6
   Compiling syn v2.0.114
   Compiling jobserver v0.1.34
   Compiling litemap v0.8.1
   Compiling cc v1.2.53
   Compiling writeable v0.6.2
   Compiling bitflags v2.10.0
   Compiling crypto-common v0.1.7
   Compiling rustix v1.1.3
   Compiling subtle v2.6.1
   Compiling icu_normalizer_data v2.1.1
   Compiling getrandom v0.3.4
   Compiling smallvec v1.15.1
   Compiling icu_properties_data v2.1.2
   Compiling simd-adler32 v0.3.8
   Compiling adler2 v2.0.1
   Compiling linux-raw-sys v0.11.0
   Compiling log v0.4.29
   Compiling crc32fast v1.5.0
   Compiling miniz_oxide v0.8.9
   Compiling zstd-sys v2.0.16+zstd.1.5.7
   Compiling ring v0.17.14
   Compiling block-buffer v0.10.4
   Compiling zmij v1.0.16
   Compiling once_cell v1.21.3
   Compiling serde v1.0.228
   Compiling digest v0.10.7
   Compiling synstructure v0.13.2
   Compiling bzip2-sys v0.1.13+1.0.8
   Compiling lzma-sys v0.1.20
   Compiling getrandom v0.2.17
   Compiling thiserror v2.0.18
   Compiling untrusted v0.9.0
   Compiling zstd-safe v7.2.4
   Compiling utf8parse v0.2.2
   Compiling serde_json v1.0.149
   Compiling byteorder v1.5.0
   Compiling anstyle-parse v0.2.7
   Compiling inout v0.1.4
   Compiling zerofrom-derive v0.1.6
   Compiling yoke-derive v0.8.1
   Compiling zerovec-derive v0.11.2
   Compiling displaydoc v0.2.5
   Compiling zerofrom v0.1.6
   Compiling yoke v0.8.1
   Compiling zeroize_derive v1.4.3
   Compiling zerovec v0.11.5
   Compiling zerotrie v0.2.3
   Compiling zeroize v1.8.2
   Compiling rustls-pki-types v1.14.0
   Compiling serde_derive v1.0.228
   Compiling tinystr v0.8.2
   Compiling icu_locale_core v2.1.1
   Compiling potential_utf v0.1.4
   Compiling icu_provider v2.1.1
   Compiling icu_collections v2.1.1
   Compiling icu_normalizer v2.1.1
   Compiling icu_properties v2.1.2
   Compiling thiserror-impl v2.0.18
   Compiling utf8_iter v1.0.4
   Compiling crc-catalog v2.4.0
   Compiling rustls v0.23.36
   Compiling object v0.37.3
   Compiling idna_adapter v1.2.1
   Compiling powerfmt v0.2.0
   Compiling itoa v1.0.17
   Compiling autocfg v1.5.0
   Compiling colorchoice v1.0.4
   Compiling cpufeatures v0.2.17
   Compiling is_terminal_polyfill v1.70.2
   Compiling anstyle v1.0.13
   Compiling rustix v0.38.44
   Compiling anstyle-query v1.1.5
   Compiling percent-encoding v2.3.2
   Compiling num-traits v0.2.19
   Compiling anstream v0.6.21
   Compiling form_urlencoded v1.2.2
   Compiling deranged v0.5.5
   Compiling idna v1.1.0
   Compiling crc v3.4.0
   Compiling webpki-roots v1.0.5
   Compiling cipher v0.4.4
   Compiling flate2 v1.1.8
   Compiling hmac v0.12.1
   Compiling bumpalo v3.19.1
   Compiling time-core v0.1.7
   Compiling hashbrown v0.16.1
   Compiling camino v1.2.2
   Compiling parking_lot_core v0.9.12
   Compiling equivalent v1.0.2
   Compiling zip v2.4.2
   Compiling anyhow v1.0.100
   Compiling winnow v0.7.14
   Compiling gimli v0.32.3
   Compiling num-conv v0.1.0
   Compiling linux-raw-sys v0.4.15
   Compiling time v0.3.45
   Compiling indexmap v2.13.0
   Compiling rustls-webpki v0.103.9
   Compiling toml_parser v1.0.6+spec-1.1.0
   Compiling addr2line v0.25.1
   Compiling zopfli v0.8.3
   Compiling pbkdf2 v0.12.2
   Compiling xz2 v0.1.7
   Compiling aes v0.8.4
   Compiling webpki-roots v0.26.11
   Compiling bzip2 v0.5.2
   Compiling url v2.5.8
   Compiling lzma-rs v0.3.0
   Compiling sha1 v0.10.6
   Compiling socks v0.3.4
   Compiling xattr v1.6.1
   Compiling serde_spanned v1.0.4
   Compiling toml_datetime v0.7.5+spec-1.1.0
   Compiling filetime v0.2.27
   Compiling dirs-sys-next v0.1.2
   Compiling fastrand v2.3.0
   Compiling scopeguard v1.2.0
   Compiling unicode-width v0.2.2
   Compiling heck v0.5.0
   Compiling toml_writer v1.0.6+spec-1.1.0
   Compiling base64 v0.22.1
   Compiling strsim v0.11.1
   Compiling constant_time_eq v0.3.1
   Compiling deflate64 v0.1.10
   Compiling rustc-demangle v0.1.27
   Compiling clap_lex v0.7.7
   Compiling clap_builder v4.5.54
   Compiling ureq v2.12.1
   Compiling backtrace v0.3.76
   Compiling toml v0.9.11+spec-1.1.0
   Compiling clap_derive v4.5.49
   Compiling console v0.16.2
   Compiling lock_api v0.4.14
   Compiling dirs-next v2.0.0
   Compiling tempfile v3.24.0
   Compiling tar v0.4.44
   Compiling fs4 v0.6.6
   Compiling uuid v1.19.0
   Compiling env_filter v0.1.4
   Compiling cargo-platform v0.3.2
   Compiling semver v1.0.27
   Compiling sysinfo v0.37.2
   Compiling is_executable v0.1.2
   Compiling iana-time-zone v0.1.64
   Compiling env_home v0.1.0
   Compiling same-file v1.0.6
   Compiling siphasher v0.3.11
   Compiling shell-words v1.1.1
   Compiling hex v0.4.3
   Compiling dialoguer v0.12.0
   Compiling walkdir v2.5.0
   Compiling which v8.0.0
   Compiling human-panic v2.0.6
   Compiling chrono v0.4.43
   Compiling zstd v0.13.3
   Compiling cargo_metadata v0.23.1
   Compiling env_logger v0.11.8
   Compiling parking_lot v0.12.5
   Compiling clap v4.5.54
   Compiling serde_ignored v0.1.14
   Compiling binary-install v0.4.1
   Compiling glob v0.3.3
   Compiling siphasher v1.0.1
   Compiling path-clean v1.0.1
   Compiling wasm-pack v0.14.0
    Finished `release` profile [optimized] target(s) in 41.25s
  Installing /home/box/.cargo/bin/wasm-pack
   Installed package `wasm-pack v0.14.0` (executable `wasm-pack`)
